0 verbose cli /Users/mac/.nvm/versions/node/v24.12.0/bin/node /Users/mac/.nvm/versions/node/v24.12.0/bin/npm
1 info using npm@11.19.1
2 info using node@v24.12.0
3 silly config load:file:/Users/mac/.nvm/versions/node/v24.12.0/lib/node_modules/npm/npmrc
4 silly config load:file:/Users/mac/Documents/personal/kmbf/.npmrc
5 silly config load:file:/Users/mac/.npmrc
6 silly config load:file:/Users/mac/.nvm/versions/node/v24.12.0/etc/npmrc
7 verbose title npm view vercel@latest version
8 verbose argv "view" "vercel@latest" "version" "--json"
9 verbose logfile logs-max:10 dir:/Users/mac/Documents/personal/kmbf/npm-cache/_logs/2026-09-22T08_16_11_849Z-
10 verbose logfile /Users/mac/Documents/personal/kmbf/npm-cache/_logs/2026-09-22T08_16_11_849Z-debug-0.log
11 silly logfile start cleaning logs, removing 2 files
12 silly logfile done cleaning log files
13 http fetch GET 200 https://registry.npmjs.org/vercel 1874ms (cache miss)
14 verbose cwd /Users/mac/Documents/personal/kmbf
15 verbose os Darwin 22.6.0
16 verbose node v24.12.0
17 verbose npm  v11.19.1
18 verbose exit 0
19 info ok
